// Jest Snapshot v1, https://goo.gl/fbAQLP

exports[`Test Render Reviews Render Reviews 1`] = `
<div
  className="movie-card__reviews-col"
>
  <div
    className="review"
  >
    <blockquote
      className="review__quote"
    >
      <p
        className="review__text"
      >
        Discerning travellers and Wes Anderson fans will luxuriate in the glorious Mittel-European kitsch of one of the director's funniest and most exquisitely designed movies in years.
      </p>
      <footer
        className="review__details"
      >
        <cite
          className="review__author"
        >
          Kate Muir
        </cite>
        <time
          className="review__date"
          dateTime="{review.date}"
        >
          December
    24,
    2016
        </time>
      </footer>
    </blockquote>
    <div
      className="review__rating"
    >
      7.6
    </div>
  </div>
  <div
    className="review"
  >
    <blockquote
      className="review__quote"
    >
      <p
        className="review__text"
      >
        The mannered, madcap proceedings are often delightful, occasionally silly, and here and there, gruesome and/or heartbreaking.
      </p>
      <footer
        className="review__details"
      >
        <cite
          className="review__author"
        >
          Matthew Lickona
        </cite>
        <time
          className="review__date"
          dateTime="{review.date}"
        >
          December
    20,
    2016
        </time>
      </footer>
    </blockquote>
    <div
      className="review__rating"
    >
      8.3
    </div>
  </div>
  <div
    className="review"
  >
    <blockquote
      className="review__quote"
    >
      <p
        className="review__text"
      >
        Anderson's films are too precious for some, but for those of us willing to lose ourselves in them, they're a delight. "The Grand Budapest Hotel" is no different, except that he has added a hint of gravitas to the mix, improving the recipe.
      </p>
      <footer
        className="review__details"
      >
        <cite
          className="review__author"
        >
          Bill Goodykoontz
        </cite>
        <time
          className="review__date"
          dateTime="{review.date}"
        >
          November
    18,
    2015
        </time>
      </footer>
    </blockquote>
    <div
      className="review__rating"
    >
      7.3
    </div>
  </div>
  <div
    className="review"
  >
    <blockquote
      className="review__quote"
    >
      <p
        className="review__text"
      >
        It is certainly a magical and childlike way of storytelling, even if the content is a little more adult.
      </p>
      <footer
        className="review__details"
      >
        <cite
          className="review__author"
        >
          Paula Fleri-Soler
        </cite>
        <time
          className="review__date"
          dateTime="{review.date}"
        >
          December
    20,
    2016
        </time>
      </footer>
    </blockquote>
    <div
      className="review__rating"
    >
      7.8
    </div>
  </div>
  <div
    className="review"
  >
    <blockquote
      className="review__quote"
    >
      <p
        className="review__text"
      >
        When one of Gustave's lovers dies mysteriously. It is certainly a magical and childlike way of storytelling.
      </p>
      <footer
        className="review__details"
      >
        <cite
          className="review__author"
        >
          Amanda Soler
        </cite>
        <time
          className="review__date"
          dateTime="{review.date}"
        >
          December
    20,
    2016
        </time>
      </footer>
    </blockquote>
    <div
      className="review__rating"
    >
      9.6
    </div>
  </div>
  <div
    className="review"
  >
    <blockquote
      className="review__quote"
    >
      <p
        className="review__text"
      >
        I didn't find it amusing, and while I can appreciate the creativity, it's an hour and 40 minutes I wish I could take back.
      </p>
      <footer
        className="review__details"
      >
        <cite
          className="review__author"
        >
          Amanda Greever
        </cite>
        <time
          className="review__date"
          dateTime="{review.date}"
        >
          November
    18,
    2015
        </time>
      </footer>
    </blockquote>
    <div
      className="review__rating"
    >
      8.9
    </div>
  </div>
  <div
    className="review"
  >
    <blockquote
      className="review__quote"
    >
      <p
        className="review__text"
      >
        Wes Anderson fans will luxuriate in the glorious Mittel-European kitsch of one of the director's funniest and most exquisitely designed movies in years.
      </p>
      <footer
        className="review__details"
      >
        <cite
          className="review__author"
        >
          Bill Muir
        </cite>
        <time
          className="review__date"
          dateTime="{review.date}"
        >
          August
    14,
    2016
        </time>
      </footer>
    </blockquote>
    <div
      className="review__rating"
    >
      8.4
    </div>
  </div>
  <div
    className="review"
  >
    <blockquote
      className="review__quote"
    >
      <p
        className="review__text"
      >
        Gustave prides himself on providing first-class service to the hotel's guests, including satisfying the sexual needs.
      </p>
      <footer
        className="review__details"
      >
        <cite
          className="review__author"
        >
          Wes  Dafoe
        </cite>
        <time
          className="review__date"
          dateTime="{review.date}"
        >
          November
    21,
    2015
        </time>
      </footer>
    </blockquote>
    <div
      className="review__rating"
    >
      5.6
    </div>
  </div>
  <div
    className="review"
  >
    <blockquote
      className="review__quote"
    >
      <p
        className="review__text"
      >
        Gustave finds himself the recipient of a priceless painting and the chief suspect in her murder.
      </p>
      <footer
        className="review__details"
      >
        <cite
          className="review__author"
        >
          Kate Norton
        </cite>
        <time
          className="review__date"
          dateTime="{review.date}"
        >
          March
    8,
    2015
        </time>
      </footer>
    </blockquote>
    <div
      className="review__rating"
    >
      2
    </div>
  </div>
  <div
    className="review"
  >
    <blockquote
      className="review__quote"
    >
      <p
        className="review__text"
      >
        Zero, a junior lobby boy, becomes Gustave's friend and protege.
      </p>
      <footer
        className="review__details"
      >
        <cite
          className="review__author"
        >
          Andreson Fleri
        </cite>
        <time
          className="review__date"
          dateTime="{review.date}"
        >
          May
    9,
    2016
        </time>
      </footer>
    </blockquote>
    <div
      className="review__rating"
    >
      10
    </div>
  </div>
</div>
`;
