// Jest Snapshot v1, https://goo.gl/fbAQLP

exports[`Test Render MovieCard Render MovieCard 1`] = `
<article
  className="small-movie-card catalog__movies-card"
>
  <div
    className="small-movie-card__image"
    onClick={[Function]}
    onMouseEnter={[Function]}
    onMouseLeave={[Function]}
  >
    <img
      alt="The Grand Budapest Hotel"
      height="175"
      src="img/the-grand-budapest-hotel-poster.jpg"
      width="280"
    />
  </div>
  <h3
    className="small-movie-card__title"
  >
    <a
      className="small-movie-card__link"
      href="movie-page.html"
      onClick={[Function]}
    >
      The Grand Budapest Hotel
    </a>
  </h3>
</article>
`;
